// Jest Snapshot v1, https://goo.gl/fbAQLP

exports[`Dashboard component should render as expected 1`] = `<div />`;
